testPreprocessor[GLSL_PASSTHROUGH,GLSL_CUSTOM_PASSTHROUGH,ARBITRARY_PRAGMAS_uO+aZa+FgyCVAejH6nxTkTt0CWQ=]=[
#custom fdsaflsj 43lk j43kljgkld "fds" +,--,fds
#version 330 core
#pragma foo bar fdafds a

<><><><><><><><><><><><><><><><><><><><><><><><><>
#custom fdsaflsj 43lk j43kljgkld "fds" +,--,fds
#version 330 core
.
.
]


testPreprocessor[GLSL_PASSTHROUGH,GLSL_CUSTOM_PASSTHROUGH_WD5wCCQXiHxE57nVQkXoycdQjks=]=[
#version
#extension
#custom

<><><><><><><><><><><><><><><><><><><><><><><><><>
#version
#extension
#custom

]


testPreprocessor[GLSL_PASSTHROUGH_ORQdau2vuA/2h/xeXX1yjDgBKng=]=[
#version 330 core
foo bar
#extension foo : bar
#define DEFINED 4
int a = DEFINED;

<><><><><><><><><><><><><><><><><><><><><><><><><>
#version 330 core
foo bar
#extension foo : bar

int a = 4;

]


testPreprocessor[GLSL_PASSTHROUGH_bB149WHJMXASfFOJUlrhhdjem24=]=[
#line 5 324
#version 330 core
int a = 4;
#line 43 453

foo bar 
#ifdef FOO
FOO is defined here
#endif
#define FOO 5
foo bar
#ifdef FOO
FOO is defined here
#endif

<><><><><><><><><><><><><><><><><><><><><><><><><>

#version 330 core
int a = 4;
.
.
foo bar 
.
.
.
.
foo bar

5 is defined here
.
.
]


testPreprocessor[GLSL_PASSTHROUGH_wyy4x0OaDgyEmuM7w5N5SLtVji8=]=[
#extension GL_ARB_texture_rectangle : enable
#extension GL_ARB_texture_rectangle : enable
#version 330 fjdsal fjsda fisda jfiojfdsaflkds
#line 1
#if 0
#endif
#line 2
int a = 4;
#define BAR 4
#define FOO 4
if (a == BAR) {
	a = FOO;
}

<><><><><><><><><><><><><><><><><><><><><><><><><>
#extension GL_ARB_texture_rectangle : enable
#extension GL_ARB_texture_rectangle : enable
#version 330 fjdsal fjsda fisda jfiojfdsaflkds
.
.
.
.
int a = 4;
.
.
if (a == 4) {
	a = 4;
}

]


testPreprocessor[errors,ARBITRARY_PRAGMAS_tkMavAFBAxEG3RtCGFwG7STeCK4=]=[
#pragma

<><><><><><><><><><><><><><><><><><><><><><><><><>
io.github.douira.glsl_preprocessor.LexerException: Warning at 1:7: Empty #pragma
]


testPreprocessor[errors,GLSL_CUSTOM_PASSTHROUGH_LiielybpiPYMDUxz8pc85kwvnAI=]=[
#custom fdskalfjk#fdsfldsj

<><><><><><><><><><><><><><><><><><><><><><><><><>
io.github.douira.glsl_preprocessor.InternalException: Bad token [#@1,17]:"#"
]


testPreprocessor[errors,GLSL_CUSTOM_PASSTHROUGH_aDv7vwg7JM7S15pnkSb2Vvu1P7U=]=[
#version

<><><><><><><><><><><><><><><><><><><><><><><><><>
io.github.douira.glsl_preprocessor.LexerException: GLSL passthrough not enabled
]


testPreprocessor[errors,GLSL_PASSTHROUGH,GLSL_CUSTOM_PASSTHROUGH_SkPEvQvuleWLKW47WWP78/taGeU=]=[
#pragma foo bar fdafds a

<><><><><><><><><><><><><><><><><><><><><><><><><>
io.github.douira.glsl_preprocessor.LexerException: Warning at 1:8: Unknown #pragma: foo
]


testPreprocessor[errors,GLSL_PASSTHROUGH_qT/RZ9gQ4GE2a78x7LH4SKT2FWo=]=[
#custom fds

<><><><><><><><><><><><><><><><><><><><><><><><><>
io.github.douira.glsl_preprocessor.LexerException: GLSL custom passthrough not enabled
]